http_interactions:
  - request:
      method: post
      uri: https://sit.urs.earthdata.nasa.gov/oauth/token
      body:
        encoding: UTF-8
        string: grant_type=client_credentials
      headers:
        User-Agent:
          - Faraday v1.10.0
        Authorization:
          - Basic bW10X3Rlc3Q6Q0xQVHhSUTloZ3ZQOW9zUA==
    response:
      status:
        code: 200
        message: OK
      headers:
        server:
          - nginx/1.20.1
        date:
          - Tue, 18 Oct 2022 17:49:47 GMT
        content-type:
          - application/json; charset=utf-8
        connection:
          - keep-alive
        x-frame-options:
          - SAMEORIGIN
        x-xss-protection:
          - 1; mode=block
        x-content-type-options:
          - nosniff
        x-download-options:
          - noopen
        x-permitted-cross-domain-policies:
          - none
        referrer-policy:
          - strict-origin-when-cross-origin
        cache-control:
          - no-store
        pragma:
          - no-cache
        expires:
          - Fri, 01 Jan 1990 00:00:00 GMT
        vary:
          - Accept
        etag:
          - W/"af57b90e98aed2c2c457fb15d1fef912"
        x-request-id:
          - 8f17b04d-2c1e-4f6c-965c-c808d90e1e91
        x-runtime:
          - '0.014914'
        strict-transport-security:
          - max-age=31536000
        transfer-encoding:
          - chunked
      body:
        encoding: UTF-8
        string: '{"access_token":"eyJ0eXAiOiJKV1QiLCJvcmlnaW4iOiJFYXJ0aGRhdGEgTG9naW4iLCJzaWciOiJlZGxqd3RwdWJrZXlfc2l0IiwiYWxnIjoiUlMyNTYifQ.eyJ0eXBlIjoiQ2xpZW50IiwiY2xpZW50X2lkIjoiODFGRWVtOTFObFRRcmVXdjJVZ3RYUSIsImV4cCI6MTY2NzQxMTM4NywiaWF0IjoxNjY2MTE1Mzg3LCJpc3MiOiJFYXJ0aGRhdGEgTG9naW4ifQ.p6ijNbzRsWLARrPh__yulYCOuIc_HbPqqMeeJaHmjJN1W1LeTS78uNmy-dyi3-SOaYvqU7VToJUrldzVwe5OGUQUaYHXTS_NDO-DOgF5WdRIJf-xXtdaMLIqcdjR2V0cu0mHlvqWseSYnaCGTXYE6wI78hUchq1HOc_9Du7YEJ2RzILu0ahD77m5A-Z74OWYukNNqUkHB5DcrA0jPgNCJ6mJybPXWX5-r_SBkIVn4r5pt44GSy2XfjTUBBD7MrlQ2_ELBUDm1HeSaxfgwGX9ff-AjC-nbmJj3ddF73puT-RyDX34kxxM4-OAqxO8GL1zKiN3tdPzhB2y5DFLOCGKEw","token_type":"Bearer","expires_in":1296000}'
    recorded_at: Tue, 18 Oct 2022 17:49:49 GMT
  - request:
      method: post
      uri: https://sit.urs.earthdata.nasa.gov/api/user_groups
      body:
        encoding: UTF-8
        string: name=Service_Option_Association_Group_for_Permissions_Delete_9b7d3db6291546acbf7f257648ac39bb&description=Fuga%20et%20aut%20impedit.&tag=MMT_2
      headers:
        User-Agent:
          - Faraday v1.10.0
        Authorization:
          - Bearer access_token
    response:
      status:
        code: 200
        message: OK
      headers:
        server:
          - nginx/1.20.1
        date:
          - Tue, 18 Oct 2022 17:49:47 GMT
        content-type:
          - application/json; charset=utf-8
        connection:
          - keep-alive
        x-frame-options:
          - SAMEORIGIN
        x-xss-protection:
          - 1; mode=block
        x-content-type-options:
          - nosniff
        x-download-options:
          - noopen
        x-permitted-cross-domain-policies:
          - none
        referrer-policy:
          - strict-origin-when-cross-origin
        cache-control:
          - no-store
        pragma:
          - no-cache
        expires:
          - Fri, 01 Jan 1990 00:00:00 GMT
        vary:
          - Accept
        etag:
          - W/"6d3747c33165a7cffadd35a602be17e2"
        x-request-id:
          - c1abbaed-758d-4cfd-be4c-d4c4744fdde9
        x-runtime:
          - '0.020517'
        strict-transport-security:
          - max-age=31536000
        transfer-encoding:
          - chunked
      body:
        encoding: UTF-8
        string: '{"name":"Service_Option_Association_Group_for_Permissions_Delete_9b7d3db6291546acbf7f257648ac39bb","app_uid":"mmt_test","description":"Fuga
        et aut impedit.","client_id":"81FEem91NlTQreWv2UgtXQ","shared_user_group":false,"created_by":"mmt_test","tag":"MMT_2","group_id":"13f673d3-690f-447c-a393-602f1755943c"}'
    recorded_at: Tue, 18 Oct 2022 17:49:49 GMT
  - request:
      method: post
      uri: https://sit.urs.earthdata.nasa.gov/api/user_groups/13f673d3-690f-447c-a393-602f1755943c/user
      body:
        encoding: UTF-8
        string: user_id=testuser
      headers:
        User-Agent:
          - Faraday v1.10.0
        Authorization:
          - Bearer access_token
    response:
      status:
        code: 200
        message: OK
      headers:
        server:
          - nginx/1.20.1
        date:
          - Tue, 18 Oct 2022 17:49:47 GMT
        content-type:
          - application/json; charset=utf-8
        connection:
          - keep-alive
        x-frame-options:
          - SAMEORIGIN
        x-xss-protection:
          - 1; mode=block
        x-content-type-options:
          - nosniff
        x-download-options:
          - noopen
        x-permitted-cross-domain-policies:
          - none
        referrer-policy:
          - strict-origin-when-cross-origin
        cache-control:
          - no-store
        pragma:
          - no-cache
        expires:
          - Fri, 01 Jan 1990 00:00:00 GMT
        vary:
          - Accept
        etag:
          - W/"078503e02c171493515a4960f5e1050a"
        x-request-id:
          - 58653cb7-fb47-499e-b96f-60dbaa8de679
        x-runtime:
          - '0.015187'
        strict-transport-security:
          - max-age=31536000
        transfer-encoding:
          - chunked
      body:
        encoding: UTF-8
        string: '{"msg":"testuser successfully added to user group Service_Option_Association_Group_for_Permissions_Delete_9b7d3db6291546acbf7f257648ac39bb"}'
    recorded_at: Tue, 18 Oct 2022 17:49:49 GMT
  - request:
      method: post
      uri: https://cmr.sit.earthdata.nasa.gov/access-control/acls
      body:
        encoding: UTF-8
        string: '{"group_permissions":[{"group_id":"13f673d3-690f-447c-a393-602f1755943c","permissions":["delete"]}],"provider_identity":{"provider_id":"MMT_2","target":"OPTION_ASSIGNMENT"}}'
      headers:
        User-Agent:
          - Faraday v1.10.0
        Content-Type:
          - application/json
        Client-Id:
          - MMT
        Authorization:
          - Bearer access_token
    response:
      status:
        code: 200
        message: OK
      headers:
        content-type:
          - application/json
        content-length:
          - '50'
        connection:
          - keep-alive
        date:
          - Tue, 18 Oct 2022 17:49:48 GMT
        cmr-request-id:
          - d7e73da0-1cbc-4865-8071-3bc8a1148be0
        x-request-id:
          - aXn8EYU8aJWNBlGHg1BHhYgggLiO4oJFKc04Up5k9OK0zumEGwk3Sw==
        server:
          - ServerTokens ProductOnly
        x-content-type-options:
          - nosniff
        x-frame-options:
          - SAMEORIGIN
        x-xss-protection:
          - 1; mode=block
        strict-transport-security:
          - max-age=31536000
        x-cache:
          - Miss from cloudfront
        via:
          - 1.1 b60e1b44fca3d5bb9d63dcd0fb1737aa.cloudfront.net (CloudFront)
        x-amz-cf-pop:
          - IAH50-C3
        x-amz-cf-id:
          - aXn8EYU8aJWNBlGHg1BHhYgggLiO4oJFKc04Up5k9OK0zumEGwk3Sw==
      body:
        encoding: UTF-8
        string: '{"revision_id":1,"concept_id":"ACL1200442818-CMR"}'
    recorded_at: Tue, 18 Oct 2022 17:49:50 GMT
  - request:
      method: get
      uri: https://cmr.sit.earthdata.nasa.gov/access-control/permissions?provider=MMT_2&target=OPTION_ASSIGNMENT&user_id=testuser
      body:
        encoding: US-ASCII
        string: ''
      headers:
        User-Agent:
          - Faraday v1.10.0
        Client-Id:
          - MMT
        Accept:
          - application/json; charset=utf-8
        Authorization:
          - Bearer access_token
    response:
      status:
        code: 200
        message: OK
      headers:
        content-length:
          - '32'
        connection:
          - keep-alive
        date:
          - Tue, 18 Oct 2022 17:49:50 GMT
        cmr-request-id:
          - e386106e-b0af-4df3-8410-ec3799fab207
        x-request-id:
          - qk7TyPyQXbSoSIHFlL4oB09YXJE3jmrC58jr4p3vaIQ83A54sMtAWA==
        vary:
          - Accept-Encoding, User-Agent
        server:
          - ServerTokens ProductOnly
        x-content-type-options:
          - nosniff
        x-frame-options:
          - SAMEORIGIN
        x-xss-protection:
          - 1; mode=block
        strict-transport-security:
          - max-age=31536000
        x-cache:
          - Miss from cloudfront
        via:
          - 1.1 50e5d5267caad4bbba42e8e11cdd9960.cloudfront.net (CloudFront)
        x-amz-cf-pop:
          - IAH50-C3
        x-amz-cf-id:
          - qk7TyPyQXbSoSIHFlL4oB09YXJE3jmrC58jr4p3vaIQ83A54sMtAWA==
      body:
        encoding: UTF-8
        string: '{"OPTION_ASSIGNMENT":["delete"]}'
    recorded_at: Tue, 18 Oct 2022 17:49:52 GMT
  - request:
      method: post
      uri: https://cmr.sit.earthdata.nasa.gov/legacy-services/echo-v10/ServiceManagementServicePortImpl
      body:
        encoding: UTF-8
        string: <?xml version="1.0" encoding="UTF-8"?><SOAP-ENV:Envelope xmlns:SOAP-ENV="http://schemas.xmlsoap.org/soap/envelope/"
          xmlns:xsd="http://www.w3.org/2001/XMLSchema" xmlns:xsi="http://www.w3.org/2001/XMLSchema-instance"><SOAP-ENV:Header/><SOAP-ENV:Body><ns2:GetServiceEntriesByProvider
          xmlns:ns2="http://echo.nasa.gov/echo/v10" xmlns:ns3="http://echo.nasa.gov/echo/v10/types"
          xmlns:ns4="http://echo.nasa.gov/ingest/v10"><ns2:token>access_token</ns2:token><ns2:providerGuids></ns2:providerGuids></ns2:GetServiceEntriesByProvider><to_str/></SOAP-ENV:Body></SOAP-ENV:Envelope>
      headers:
        User-Agent:
          - Faraday v1.10.0
        Content-Type:
          - text/xml
    response:
      status:
        code: 500
        message: Server Error
      headers:
        content-type:
          - text/xml;charset=utf-8
        content-length:
          - '938'
        connection:
          - keep-alive
        date:
          - Tue, 18 Oct 2022 17:50:05 GMT
        accept:
          - text/xml, text/html, image/gif, image/jpeg, *; q=.2, */*; q=.2
        soapaction:
          - '""'
        server:
          - ServerTokens ProductOnly
        x-request-id:
          - 5BS3qcSOf9CzxLn4cfq1nu8asGs8GSETDVMKs9BufZfY1YWYG9HUNA==
        x-content-type-options:
          - nosniff
        x-frame-options:
          - SAMEORIGIN
        x-xss-protection:
          - 1; mode=block
        strict-transport-security:
          - max-age=31536000
        x-cache:
          - Error from cloudfront
        via:
          - 1.1 1fecc0e0fb1429e598926aceb10850cc.cloudfront.net (CloudFront)
        x-amz-cf-pop:
          - IAH50-C3
        x-amz-cf-id:
          - 5BS3qcSOf9CzxLn4cfq1nu8asGs8GSETDVMKs9BufZfY1YWYG9HUNA==
      body:
        encoding: UTF-8
        string: <SOAP-ENV:Envelope xmlns:SOAP-ENV="http://schemas.xmlsoap.org/soap/envelope/"><SOAP-ENV:Header/><SOAP-ENV:Body><SOAP-ENV:Fault><faultcode>SOAP-ENV:Client</faultcode><faultstring>Token
          [access_XXX] does not exist</faultstring><detail><ns4:ItemNotFoundFault xmlns:ns2="http://echo.nasa.gov/echo/v10"
          xmlns:ns3="http://echo.nasa.gov/echo/v10/types" xmlns:ns4="http://echo.nasa.gov/echo/v10/faults"><ns4:ErrorCode>TokenNotFound</ns4:ErrorCode><ns4:OpsMessage
          xmlns:xsi="http://www.w3.org/2001/XMLSchema-instance" xsi:nil="true"/><ns4:SystemMessage>Token
          [access_XXX] does not exist</ns4:SystemMessage><ns4:Timestamp>2022-10-18T17:50:05.806Z</ns4:Timestamp><ns4:ErrorInstanceId>4862A95B-6933-05F9-28C7-7CC0474AC90C</ns4:ErrorInstanceId><ns4:Arguments><ns4:Argument><ns4:Name>Token</ns4:Name><ns4:Value>access_token</ns4:Value></ns4:Argument></ns4:Arguments></ns4:ItemNotFoundFault></detail></SOAP-ENV:Fault></SOAP-ENV:Body></SOAP-ENV:Envelope>
    recorded_at: Tue, 18 Oct 2022 17:50:07 GMT
  - request:
      method: delete
      uri: https://cmr.sit.earthdata.nasa.gov/access-control/acls/ACL1200442818-CMR
      body:
        encoding: US-ASCII
        string: ''
      headers:
        User-Agent:
          - Faraday v1.10.0
        Content-Type:
          - application/json
        Client-Id:
          - MMT
        Authorization:
          - Bearer access_token
    response:
      status:
        code: 200
        message: OK
      headers:
        content-type:
          - application/json
        content-length:
          - '50'
        connection:
          - keep-alive
        date:
          - Tue, 18 Oct 2022 17:50:26 GMT
        cmr-request-id:
          - f8b5620c-b70d-48cb-b4fa-276cc70b49c8
        x-request-id:
          - uK-ZP9SQzhJ61j-nZz7jP0OH4GTnH6-o-N0Hl3vxF_VDVFSkz2bQaw==
        server:
          - ServerTokens ProductOnly
        x-content-type-options:
          - nosniff
        x-frame-options:
          - SAMEORIGIN
        x-xss-protection:
          - 1; mode=block
        strict-transport-security:
          - max-age=31536000
        x-cache:
          - Miss from cloudfront
        via:
          - 1.1 eaaf15907191c2ffe9bca255f7e191f6.cloudfront.net (CloudFront)
        x-amz-cf-pop:
          - IAH50-C3
        x-amz-cf-id:
          - uK-ZP9SQzhJ61j-nZz7jP0OH4GTnH6-o-N0Hl3vxF_VDVFSkz2bQaw==
      body:
        encoding: UTF-8
        string: '{"revision-id":2,"concept-id":"ACL1200442818-CMR"}'
    recorded_at: Tue, 18 Oct 2022 17:50:28 GMT
  - request:
      method: delete
      uri: https://sit.urs.earthdata.nasa.gov/api/user_groups/13f673d3-690f-447c-a393-602f1755943c
      body:
        encoding: US-ASCII
        string: ''
      headers:
        User-Agent:
          - Faraday v1.10.0
        Authorization:
          - Bearer access_token
    response:
      status:
        code: 401
        message: Unauthorized
      headers:
        server:
          - nginx/1.20.1
        date:
          - Tue, 18 Oct 2022 17:50:27 GMT
        content-type:
          - application/json; charset=utf-8
        transfer-encoding:
          - chunked
        connection:
          - keep-alive
        x-frame-options:
          - SAMEORIGIN
        x-xss-protection:
          - 1; mode=block
        x-content-type-options:
          - nosniff
        x-download-options:
          - noopen
        x-permitted-cross-domain-policies:
          - none
        referrer-policy:
          - strict-origin-when-cross-origin
        cache-control:
          - no-store
        pragma:
          - no-cache
        expires:
          - Fri, 01 Jan 1990 00:00:00 GMT
        vary:
          - Accept
        x-request-id:
          - 31c15e34-dd6f-4283-99bc-2061e2e324f0
        x-runtime:
          - '0.010712'
        strict-transport-security:
          - max-age=31536000
      body:
        encoding: UTF-8
        string: '{"error":"User group (Service_Option_Association_Group_for_Permissions_Delete_9b7d3db6291546acbf7f257648ac39bb)
        has active group members, cannot be deleted"}'
    recorded_at: Tue, 18 Oct 2022 17:50:28 GMT
recorded_with: VCR 6.1.0
