---
http_interactions:
- request:
    method: get
    uri: https://cmr.sit.earthdata.nasa.gov/access-control/permissions?provider=MMT_2&target=OPTION_ASSIGNMENT&user_id=testuser
    body:
      encoding: US-ASCII
      string: ''
    headers:
      User-Agent:
      - Faraday v1.10.0
      Client-Id:
      - MMT
      Accept:
      - application/json; charset=utf-8
      Authorization:
      - Bearer jwt_access_token
  response:
    status:
      code: 200
      message: OK
    headers:
      content-length:
      - '32'
      connection:
      - keep-alive
      date:
      - Mon, 07 Nov 2022 18:15:25 GMT
      cmr-request-id:
      - 59ff748d-80f3-4c48-9749-283ea1175a16
      x-request-id:
      - ac02yxu_x1XXicdU0CA1VO2OzLoCDPBazbSbwkr0IQjk9-cG-TbZgA==
      vary:
      - Accept-Encoding, User-Agent
      server:
      - ServerTokens ProductOnly
      x-content-type-options:
      - nosniff
      x-frame-options:
      - SAMEORIGIN
      x-xss-protection:
      - 1; mode=block
      strict-transport-security:
      - max-age=31536000
      x-cache:
      - Miss from cloudfront
      via:
      - 1.1 e7e267d22aaab825174c9e30c630f528.cloudfront.net (CloudFront)
      x-amz-cf-pop:
      - IAD89-P2
      x-amz-cf-id:
      - ac02yxu_x1XXicdU0CA1VO2OzLoCDPBazbSbwkr0IQjk9-cG-TbZgA==
    body:
      encoding: UTF-8
      string: '{"OPTION_ASSIGNMENT":["delete"]}'
  recorded_at: Mon, 07 Nov 2022 18:15:25 GMT
- request:
    method: post
    uri: https://cmr.sit.earthdata.nasa.gov/legacy-services/echo-v10/ServiceManagementServicePortImpl
    body:
      encoding: UTF-8
      string: <?xml version="1.0" encoding="UTF-8"?><SOAP-ENV:Envelope xmlns:SOAP-ENV="http://schemas.xmlsoap.org/soap/envelope/"
        xmlns:xsd="http://www.w3.org/2001/XMLSchema" xmlns:xsi="http://www.w3.org/2001/XMLSchema-instance"><SOAP-ENV:Header/><SOAP-ENV:Body><ns2:GetServiceOptionAssignmentsByService
        xmlns:ns2="http://echo.nasa.gov/echo/v10" xmlns:ns3="http://echo.nasa.gov/echo/v10/types"
        xmlns:ns4="http://echo.nasa.gov/ingest/v10"><ns2:token>jwt_access_token</ns2:token><ns2:serviceEntryGuids><ns3:Item>3E5F3D05-C8F5-C540-4484-F3E67A7D5E62</ns3:Item><ns3:Item>A19EDB8C-2253-3B19-E70D-1AC053DAC384</ns3:Item></ns2:serviceEntryGuids></ns2:GetServiceOptionAssignmentsByService><to_str/></SOAP-ENV:Body></SOAP-ENV:Envelope>
    headers:
      User-Agent:
      - Faraday v1.10.0
      Content-Type:
      - text/xml
  response:
    status:
      code: 200
      message: OK
    headers:
      content-type:
      - text/xml;charset=utf-8
      transfer-encoding:
      - chunked
      connection:
      - keep-alive
      vary:
      - Accept-Encoding
      date:
      - Mon, 07 Nov 2022 18:22:14 GMT
      accept:
      - text/xml, text/html, image/gif, image/jpeg, *; q=.2, */*; q=.2
      soapaction:
      - '""'
      server:
      - ServerTokens ProductOnly
      x-request-id:
      - CMHxXq7PWlSXN7ukeNqMXMg8ilyeaRxd8aCtcd93C6s3xfALc1H4jg==
      x-content-type-options:
      - nosniff
      x-frame-options:
      - SAMEORIGIN
      x-xss-protection:
      - 1; mode=block
      strict-transport-security:
      - max-age=31536000
      x-cache:
      - Miss from cloudfront
      via:
      - 1.1 6085ae9abfe185eabb8b69d91c76ba4a.cloudfront.net (CloudFront)
      x-amz-cf-pop:
      - YTO50-C1
      x-amz-cf-id:
      - CMHxXq7PWlSXN7ukeNqMXMg8ilyeaRxd8aCtcd93C6s3xfALc1H4jg==
    body:
      encoding: ASCII-8BIT
      string: <SOAP-ENV:Envelope xmlns:SOAP-ENV="http://schemas.xmlsoap.org/soap/envelope/"><SOAP-ENV:Header/><SOAP-ENV:Body><ns2:GetServiceOptionAssignmentsByServiceResponse
        xmlns:ns2="http://echo.nasa.gov/echo/v10" xmlns:ns3="http://echo.nasa.gov/echo/v10/types"
        xmlns:ns4="http://echo.nasa.gov/echo/v10/faults"><ns2:result><ns3:Item><ns3:Guid>A8937901-8755-3F75-8E73-4E851AD8853A</ns3:Guid><ns3:ServiceOptionDefinitionGuid>35FB523D-EE0A-E32A-733E-F2DA6ED49107</ns3:ServiceOptionDefinitionGuid><ns3:ServiceEntryGuid>A19EDB8C-2253-3B19-E70D-1AC053DAC384</ns3:ServiceEntryGuid><ns3:CatalogItemGuid>C1200019403-MMT_2</ns3:CatalogItemGuid><ns3:AppliesOnlyToGranules>true</ns3:AppliesOnlyToGranules></ns3:Item><ns3:Item><ns3:Guid>283D0822-5321-2A51-E0C5-69F8C99D925E</ns3:Guid><ns3:ServiceOptionDefinitionGuid>A700514B-9AB7-EA4A-3971-277F3891C3D4</ns3:ServiceOptionDefinitionGuid><ns3:ServiceEntryGuid>A19EDB8C-2253-3B19-E70D-1AC053DAC384</ns3:ServiceEntryGuid><ns3:CatalogItemGuid>C1200190013-MMT_2</ns3:CatalogItemGuid><ns3:AppliesOnlyToGranules>false</ns3:AppliesOnlyToGranules></ns3:Item></ns2:result></ns2:GetServiceOptionAssignmentsByServiceResponse></SOAP-ENV:Body></SOAP-ENV:Envelope>
  recorded_at: Mon, 07 Nov 2022 18:22:14 GMT
- request:
    method: post
    uri: https://cmr.sit.earthdata.nasa.gov/legacy-services/echo-v10/ServiceManagementServicePortImpl
    body:
      encoding: UTF-8
      string: <?xml version="1.0" encoding="UTF-8"?><SOAP-ENV:Envelope xmlns:SOAP-ENV="http://schemas.xmlsoap.org/soap/envelope/"
        xmlns:xsd="http://www.w3.org/2001/XMLSchema" xmlns:xsi="http://www.w3.org/2001/XMLSchema-instance"><SOAP-ENV:Header/><SOAP-ENV:Body><ns2:GetServiceEntries
        xmlns:ns2="http://echo.nasa.gov/echo/v10" xmlns:ns3="http://echo.nasa.gov/echo/v10/types"
        xmlns:ns4="http://echo.nasa.gov/ingest/v10"><ns2:token>jwt_access_token</ns2:token><ns2:serviceEntryGuids><ns3:Item>A19EDB8C-2253-3B19-E70D-1AC053DAC384</ns3:Item><ns3:Item>A19EDB8C-2253-3B19-E70D-1AC053DAC384</ns3:Item></ns2:serviceEntryGuids></ns2:GetServiceEntries><to_str/></SOAP-ENV:Body></SOAP-ENV:Envelope>
    headers:
      User-Agent:
      - Faraday v1.10.0
      Content-Type:
      - text/xml
  response:
    status:
      code: 200
      message: OK
    headers:
      content-type:
      - text/xml;charset=utf-8
      transfer-encoding:
      - chunked
      connection:
      - keep-alive
      vary:
      - Accept-Encoding
      date:
      - Mon, 07 Nov 2022 18:22:14 GMT
      accept:
      - text/xml, text/html, image/gif, image/jpeg, *; q=.2, */*; q=.2
      soapaction:
      - '""'
      server:
      - ServerTokens ProductOnly
      x-request-id:
      - qRqjxL84q1NtvqgZ-Sicgp4VFd3OO7WUVUvC3FOyMaSoVhIvofKcbQ==
      x-content-type-options:
      - nosniff
      x-frame-options:
      - SAMEORIGIN
      x-xss-protection:
      - 1; mode=block
      strict-transport-security:
      - max-age=31536000
      x-cache:
      - Miss from cloudfront
      via:
      - 1.1 18fd94ee5727c0289c44a35bea3c16ba.cloudfront.net (CloudFront)
      x-amz-cf-pop:
      - YTO50-C1
      x-amz-cf-id:
      - qRqjxL84q1NtvqgZ-Sicgp4VFd3OO7WUVUvC3FOyMaSoVhIvofKcbQ==
    body:
      encoding: ASCII-8BIT
      string: <SOAP-ENV:Envelope xmlns:SOAP-ENV="http://schemas.xmlsoap.org/soap/envelope/"><SOAP-ENV:Header/><SOAP-ENV:Body><ns2:GetServiceEntriesResponse
        xmlns:ns2="http://echo.nasa.gov/echo/v10" xmlns:ns3="http://echo.nasa.gov/echo/v10/types"
        xmlns:ns4="http://echo.nasa.gov/echo/v10/faults"><ns2:result><ns3:Item><ns3:Guid>A19EDB8C-2253-3B19-E70D-1AC053DAC384</ns3:Guid><ns3:ProviderGuid>07ACF84C-6360-0BC7-92A8-E95A958DDE12</ns3:ProviderGuid><ns3:Name>Polaris</ns3:Name><ns3:Url>http://fritsch.io/dallas</ns3:Url><ns3:Description>Et
        nostrum voluptas perferendis eos omnis libero nam.</ns3:Description><ns3:EntryType>SERVICE_IMPLEMENTATION</ns3:EntryType><ns3:TagGuids><ns3:Item>DATASET_07ACF84C-6360-0BC7-92A8-E95A958DDE12_C1200190013-MMT_2</ns3:Item><ns3:Item>SERVICE-INTERFACE_102DF03A-D4F8-793A-D920-E6D1B11F8A24</ns3:Item><ns3:Item>DATASET_07ACF84C-6360-0BC7-92A8-E95A958DDE12_C1200019403-MMT_2</ns3:Item></ns3:TagGuids></ns3:Item><ns3:Item><ns3:Guid>A19EDB8C-2253-3B19-E70D-1AC053DAC384</ns3:Guid><ns3:ProviderGuid>07ACF84C-6360-0BC7-92A8-E95A958DDE12</ns3:ProviderGuid><ns3:Name>Polaris</ns3:Name><ns3:Url>http://fritsch.io/dallas</ns3:Url><ns3:Description>Et
        nostrum voluptas perferendis eos omnis libero nam.</ns3:Description><ns3:EntryType>SERVICE_IMPLEMENTATION</ns3:EntryType><ns3:TagGuids><ns3:Item>DATASET_07ACF84C-6360-0BC7-92A8-E95A958DDE12_C1200190013-MMT_2</ns3:Item><ns3:Item>SERVICE-INTERFACE_102DF03A-D4F8-793A-D920-E6D1B11F8A24</ns3:Item><ns3:Item>DATASET_07ACF84C-6360-0BC7-92A8-E95A958DDE12_C1200019403-MMT_2</ns3:Item></ns3:TagGuids></ns3:Item></ns2:result></ns2:GetServiceEntriesResponse></SOAP-ENV:Body></SOAP-ENV:Envelope>
  recorded_at: Mon, 07 Nov 2022 18:22:14 GMT
- request:
    method: post
    uri: https://cmr.sit.earthdata.nasa.gov/legacy-services/echo-v10/ServiceManagementServicePortImpl
    body:
      encoding: UTF-8
      string: <?xml version="1.0" encoding="UTF-8"?><SOAP-ENV:Envelope xmlns:SOAP-ENV="http://schemas.xmlsoap.org/soap/envelope/"
        xmlns:xsd="http://www.w3.org/2001/XMLSchema" xmlns:xsi="http://www.w3.org/2001/XMLSchema-instance"><SOAP-ENV:Header/><SOAP-ENV:Body><ns2:GetServiceOptionDefinitions
        xmlns:ns2="http://echo.nasa.gov/echo/v10" xmlns:ns3="http://echo.nasa.gov/echo/v10/types"
        xmlns:ns4="http://echo.nasa.gov/ingest/v10"><ns2:token>jwt_access_token</ns2:token><ns2:optionGuids><ns3:Item>35FB523D-EE0A-E32A-733E-F2DA6ED49107</ns3:Item><ns3:Item>A700514B-9AB7-EA4A-3971-277F3891C3D4</ns3:Item></ns2:optionGuids></ns2:GetServiceOptionDefinitions><to_str/></SOAP-ENV:Body></SOAP-ENV:Envelope>
    headers:
      User-Agent:
      - Faraday v1.10.0
      Content-Type:
      - text/xml
  response:
    status:
      code: 200
      message: OK
    headers:
      content-type:
      - text/xml;charset=utf-8
      transfer-encoding:
      - chunked
      connection:
      - keep-alive
      vary:
      - Accept-Encoding
      date:
      - Mon, 07 Nov 2022 18:22:15 GMT
      accept:
      - text/xml, text/html, image/gif, image/jpeg, *; q=.2, */*; q=.2
      soapaction:
      - '""'
      server:
      - ServerTokens ProductOnly
      x-request-id:
      - K_wPkU4fhs_YlZd6iH1pvqabNrCXytIbEhN84o5En3RbxuKXl-mDJw==
      x-content-type-options:
      - nosniff
      x-frame-options:
      - SAMEORIGIN
      x-xss-protection:
      - 1; mode=block
      strict-transport-security:
      - max-age=31536000
      x-cache:
      - Miss from cloudfront
      via:
      - 1.1 81eddbd3e1daf3c749d4c8c9abd325ae.cloudfront.net (CloudFront)
      x-amz-cf-pop:
      - YTO50-C1
      x-amz-cf-id:
      - K_wPkU4fhs_YlZd6iH1pvqabNrCXytIbEhN84o5En3RbxuKXl-mDJw==
    body:
      encoding: ASCII-8BIT
      string: |-
        <SOAP-ENV:Envelope xmlns:SOAP-ENV="http://schemas.xmlsoap.org/soap/envelope/"><SOAP-ENV:Header/><SOAP-ENV:Body><ns2:GetServiceOptionDefinitionsResponse xmlns:ns2="http://echo.nasa.gov/echo/v10" xmlns:ns3="http://echo.nasa.gov/echo/v10/types" xmlns:ns4="http://echo.nasa.gov/echo/v10/faults"><ns2:result><ns3:Item><ns3:Guid>35FB523D-EE0A-E32A-733E-F2DA6ED49107</ns3:Guid><ns3:ProviderGuid>07ACF84C-6360-0BC7-92A8-E95A958DDE12</ns3:ProviderGuid><ns3:Name>Bibendum Mollis Lorem Elit Condimentum</ns3:Name><ns3:Description>Duis mollis, est non commodo luctus, nisi erat porttitor ligula, eget lacinia odio sem nec elit. Praesent commodo cursus magna, vel scelerisque nisl consectetur et. Donec id elit non mi porta gravida at eget metus. Etiam porta sem malesuada magna mollis euismod. Donec sed odio dui.</ns3:Description><ns3:Form>&lt;form xmlns="http://echo.nasa.gov/v9/echoforms" xmlns:xsd="http://www.w3.org/2001/XMLSchema" targetNamespace="http://myorganization.gov/echoforms"&gt;
                    &lt;model&gt;
                      &lt;instance&gt;
                        &lt;prov:options xmlns:prov="http://myorganization.gov/orderoptions"&gt;
                          &lt;prov:filename&gt;data.txt&lt;/prov:filename&gt;
                          &lt;prov:filesize&gt;10&lt;/prov:filesize&gt;
                        &lt;/prov:options&gt;
                      &lt;/instance&gt;
                    &lt;/model&gt;
                    &lt;ui&gt;
                      &lt;input label="File Name" ref="prov:filename" type="xsd:string"&gt;
                        &lt;constraints&gt;
                          &lt;constraint&gt;
                            &lt;xpath&gt;string-length(prov:filename) &amp;lt; 25&lt;/xpath&gt;
                            &lt;alert&gt;File names must be less than 25 characters&lt;/alert&gt;
                          &lt;/constraint&gt;
                          &lt;constraint&gt;
                            &lt;pattern&gt;^[A-Za-z]+[A-Za-z0-9]*\.?[A-Za-z0-9]*$&lt;/pattern&gt;
                            &lt;alert&gt;
                              File names must start with a letter and
                              not contain illegal characters
                            &lt;/alert&gt;
                          &lt;/constraint&gt;
                        &lt;/constraints&gt;
                      &lt;/input&gt;
                      &lt;range end="1000" label="File Size (MB)" ref="prov:filesize" start="0" step="10" type="xsd:int"&gt;
                      &lt;/range&gt;
                    &lt;/ui&gt;
                  &lt;/form&gt;</ns3:Form><ns3:LastUpdate>2017-01-17T18:34:43.394Z</ns3:LastUpdate></ns3:Item><ns3:Item><ns3:Guid>A700514B-9AB7-EA4A-3971-277F3891C3D4</ns3:Guid><ns3:ProviderGuid>07ACF84C-6360-0BC7-92A8-E95A958DDE12</ns3:ProviderGuid><ns3:Name>Vestibulum Ridiculus</ns3:Name><ns3:Description>Cras mattis consectetur purus sit amet fermentum. Etiam porta sem malesuada magna mollis euismod. Nulla vitae elit libero, a pharetra augue. Duis mollis, est non commodo luctus, nisi erat porttitor ligula, eget lacinia odio sem nec elit.</ns3:Description><ns3:Form>&lt;form xmlns="http://echo.nasa.gov/v9/echoforms" xmlns:xsd="http://www.w3.org/2001/XMLSchema" targetNamespace="http://myorganization.gov/echoforms"&gt;
                    &lt;model&gt;
                      &lt;instance&gt;
                        &lt;prov:options xmlns:prov="http://myorganization.gov/orderoptions"&gt;
                          &lt;prov:filename&gt;data.txt&lt;/prov:filename&gt;
                          &lt;prov:filesize&gt;10&lt;/prov:filesize&gt;
                        &lt;/prov:options&gt;
                      &lt;/instance&gt;
                    &lt;/model&gt;
                    &lt;ui&gt;
                      &lt;input label="File Name" ref="prov:filename" type="xsd:string"&gt;
                        &lt;constraints&gt;
                          &lt;constraint&gt;
                            &lt;xpath&gt;string-length(prov:filename) &amp;lt; 25&lt;/xpath&gt;
                            &lt;alert&gt;File names must be less than 25 characters&lt;/alert&gt;
                          &lt;/constraint&gt;
                          &lt;constraint&gt;
                            &lt;pattern&gt;^[A-Za-z]+[A-Za-z0-9]*\.?[A-Za-z0-9]*$&lt;/pattern&gt;
                            &lt;alert&gt;
                              File names must start with a letter and
                              not contain illegal characters
                            &lt;/alert&gt;
                          &lt;/constraint&gt;
                        &lt;/constraints&gt;
                      &lt;/input&gt;
                      &lt;range end="1000" label="File Size (MB)" ref="prov:filesize" start="0" step="10" type="xsd:int"&gt;
                      &lt;/range&gt;
                    &lt;/ui&gt;
                  &lt;/form&gt;</ns3:Form><ns3:LastUpdate>2017-01-17T17:04:53.868Z</ns3:LastUpdate></ns3:Item></ns2:result></ns2:GetServiceOptionDefinitionsResponse></SOAP-ENV:Body></SOAP-ENV:Envelope>
  recorded_at: Mon, 07 Nov 2022 18:22:15 GMT
recorded_with: VCR 6.1.0
