---
http_interactions:
- request:
    method: post
    uri: https://cmr.sit.earthdata.nasa.gov/legacy-services/echo-v10/OrderManagementServicePortImpl
    body:
      encoding: UTF-8
      string: <?xml version="1.0" encoding="UTF-8"?><SOAP-ENV:Envelope xmlns:SOAP-ENV="http://schemas.xmlsoap.org/soap/envelope/"
        xmlns:xsd="http://www.w3.org/2001/XMLSchema" xmlns:xsi="http://www.w3.org/2001/XMLSchema-instance"><SOAP-ENV:Header/><SOAP-ENV:Body><ns2:GetProviderOrderGuidsByStateDateAndProvider
        xmlns:ns2="http://echo.nasa.gov/echo/v10" xmlns:ns3="http://echo.nasa.gov/echo/v10/types"
        xmlns:ns4="http://echo.nasa.gov/ingest/v10"><ns2:token>access_token</ns2:token><ns2:states><ns3:Item>VALIDATED</ns3:Item><ns3:Item>NOT_VALIDATED</ns3:Item><ns3:Item>QUOTING</ns3:Item><ns3:Item>QUOTE_REJECTED</ns3:Item><ns3:Item>QUOTE_FAILED</ns3:Item><ns3:Item>QUOTED</ns3:Item><ns3:Item>SUBMITTING</ns3:Item><ns3:Item>SUBMIT_REJECTED</ns3:Item><ns3:Item>SUBMIT_FAILED</ns3:Item><ns3:Item>PROCESSING</ns3:Item><ns3:Item>CANCELLING</ns3:Item><ns3:Item>CANCELLED</ns3:Item><ns3:Item>CLOSED</ns3:Item></ns2:states><ns2:dateType>CREATION_DATE</ns2:dateType><ns2:from>2017-01-25T00:00:00</ns2:from><ns2:to>2017-01-31T00:00:00</ns2:to></ns2:GetProviderOrderGuidsByStateDateAndProvider><to_str/></SOAP-ENV:Body></SOAP-ENV:Envelope>
    headers:
      User-Agent:
      - Faraday v0.8.11
      Content-Type:
      - text/xml
  response:
    status:
      code: 200
      message: 
    headers:
      strict-transport-security:
      - max-age=31536000
      date:
      - Wed, 22 Feb 2017 20:48:44 GMT
      accept:
      - text/xml, text/html, image/gif, image/jpeg, *; q=.2, */*; q=.2
      soapaction:
      - '""'
      content-type:
      - text/xml; charset=UTF-8
      content-length:
      - '748'
      server:
      - Jetty(9.2.z-SNAPSHOT)
      connection:
      - close
    body:
      encoding: UTF-8
      string: <SOAP-ENV:Envelope xmlns:SOAP-ENV="http://schemas.xmlsoap.org/soap/envelope/"><SOAP-ENV:Header/><SOAP-ENV:Body><ns2:GetProviderOrderGuidsByStateDateAndProviderResponse
        xmlns:ns2="http://echo.nasa.gov/echo/v10" xmlns:ns3="http://echo.nasa.gov/echo/v10/types"
        xmlns:ns4="http://echo.nasa.gov/echo/v10/faults"><ns2:result><ns3:Item><ns3:ProviderGuid>248ED694-06AA-7DF0-E269-640DE00B628E</ns3:ProviderGuid><ns3:OrderGuid>order_guid_1</ns3:OrderGuid></ns3:Item><ns3:Item><ns3:ProviderGuid>248ED694-06AA-7DF0-E269-640DE00B628E</ns3:ProviderGuid><ns3:OrderGuid>order_guid_2</ns3:OrderGuid></ns3:Item></ns2:result></ns2:GetProviderOrderGuidsByStateDateAndProviderResponse></SOAP-ENV:Body></SOAP-ENV:Envelope>
    http_version: 
  recorded_at: Wed, 22 Feb 2017 20:48:44 GMT
- request:
    method: post
    uri: https://cmr.sit.earthdata.nasa.gov/legacy-services/echo-v10/OrderManagementServicePortImpl
    body:
      encoding: UTF-8
      string: <?xml version="1.0" encoding="UTF-8"?><SOAP-ENV:Envelope xmlns:SOAP-ENV="http://schemas.xmlsoap.org/soap/envelope/"
        xmlns:xsd="http://www.w3.org/2001/XMLSchema" xmlns:xsi="http://www.w3.org/2001/XMLSchema-instance"><SOAP-ENV:Header/><SOAP-ENV:Body><ns2:GetOrders
        xmlns:ns2="http://echo.nasa.gov/echo/v10" xmlns:ns3="http://echo.nasa.gov/echo/v10/types"
        xmlns:ns4="http://echo.nasa.gov/ingest/v10"><ns2:token>access_token</ns2:token><ns2:orderGuids><ns3:Item>order_guid_1</ns3:Item><ns3:Item>order_guid_2</ns3:Item></ns2:orderGuids></ns2:GetOrders><to_str/></SOAP-ENV:Body></SOAP-ENV:Envelope>
    headers:
      User-Agent:
      - Faraday v0.8.11
      Content-Type:
      - text/xml
  response:
    status:
      code: 200
      message: 
    headers:
      strict-transport-security:
      - max-age=31536000
      date:
      - Wed, 22 Feb 2017 20:48:44 GMT
      accept:
      - text/xml, text/html, image/gif, image/jpeg, *; q=.2, */*; q=.2
      soapaction:
      - '""'
      content-type:
      - text/xml; charset=UTF-8
      content-length:
      - '6656'
      server:
      - Jetty(9.2.z-SNAPSHOT)
      connection:
      - close
    body:
      encoding: UTF-8
      string: |-
        <SOAP-ENV:Envelope xmlns:SOAP-ENV="http://schemas.xmlsoap.org/soap/envelope/"><SOAP-ENV:Header/><SOAP-ENV:Body><ns2:GetOrdersResponse xmlns:ns2="http://echo.nasa.gov/echo/v10" xmlns:ns3="http://echo.nasa.gov/echo/v10/types" xmlns:ns4="http://echo.nasa.gov/echo/v10/faults"><ns2:result><ns3:Item><ns3:OwnerGuid>4D4C94EF-3D03-B2D6-8BBE-335C7DD7D61B</ns3:OwnerGuid><ns3:UserDomain>OTHER</ns3:UserDomain><ns3:UserRegion>USA</ns3:UserRegion><ns3:Guid>order_guid_1</ns3:Guid><ns3:State>SUBMITTED_WITH_EXCEPTIONS</ns3:State><ns3:CreationDate>2017-01-26T19:45:03.246Z</ns3:CreationDate><ns3:SubmissionDate>2017-01-26T19:45:06.392Z</ns3:SubmissionDate><ns3:LastUpdateDate>2017-01-26T19:45:06.392Z</ns3:LastUpdateDate><ns3:ShippingAddress><ns3:Guid>19ABA767-7BDD-80CE-4D08-78B3A1E92396</ns3:Guid><ns3:Role>Order Contact</ns3:Role><ns3:FirstName>User</ns3:FirstName><ns3:LastName>One</ns3:LastName><ns3:Address><ns3:Guid>21F36FBC-F338-45B6-1D35-99A8359DE427</ns3:Guid><ns3:UsFormat>true</ns3:UsFormat><ns3:Country>United States</ns3:Country></ns3:Address><ns3:Phones><ns3:Item><ns3:Guid>2028D068-812B-87FD-A277-2B1E957B6757</ns3:Guid><ns3:Number>0000000000</ns3:Number><ns3:PhoneNumberType>BUSINESS</ns3:PhoneNumberType></ns3:Item></ns3:Phones><ns3:Email>user1@example.com</ns3:Email></ns3:ShippingAddress><ns3:BillingAddress><ns3:Guid>B4913B76-61E9-2B33-8EF6-73A9F37D536E</ns3:Guid><ns3:Role>Order Contact</ns3:Role><ns3:FirstName>User</ns3:FirstName><ns3:LastName>One</ns3:LastName><ns3:Address><ns3:Guid>51273CAA-3F17-25B0-5615-7798A86260E3</ns3:Guid><ns3:UsFormat>true</ns3:UsFormat><ns3:Country>United States</ns3:Country></ns3:Address><ns3:Phones><ns3:Item><ns3:Guid>C179AF46-8289-0FA4-E38A-5FE354F9C7D4</ns3:Guid><ns3:Number>0000000000</ns3:Number><ns3:PhoneNumberType>BUSINESS</ns3:PhoneNumberType></ns3:Item></ns3:Phones><ns3:Email>user1@example.com</ns3:Email></ns3:BillingAddress><ns3:ContactAddress><ns3:Guid>DFFBC5A3-C257-C3E8-9007-7C9E1AF67362</ns3:Guid><ns3:Role>Order Contact</ns3:Role><ns3:FirstName>User</ns3:FirstName><ns3:LastName>One</ns3:LastName><ns3:Address><ns3:Guid>DF48C21E-C3A7-E1E4-A668-4AE40441F8B7</ns3:Guid><ns3:UsFormat>true</ns3:UsFormat><ns3:Country>United States</ns3:Country></ns3:Address><ns3:Phones><ns3:Item><ns3:Guid>568A065E-BA72-E8B7-0D86-97D05E506702</ns3:Guid><ns3:Number>0000000000</ns3:Number><ns3:PhoneNumberType>BUSINESS</ns3:PhoneNumberType></ns3:Item></ns3:Phones><ns3:Email>user1@example.com</ns3:Email></ns3:ContactAddress><ns3:NotifyLevel>INFO</ns3:NotifyLevel><ns3:ClientIdentity>Mw9_IJ-1U-zSz8uKSrgVlQ</ns3:ClientIdentity><ns3:OrderPrice>0.0</ns3:OrderPrice><ns3:ProviderOrders><ns3:Item><ns3:Guid><ns3:ProviderGuid>248ED694-06AA-7DF0-E269-640DE00B628E</ns3:ProviderGuid><ns3:OrderGuid>order_guid_1</ns3:OrderGuid></ns3:Guid><ns3:State>SUBMIT_FAILED</ns3:State><ns3:StatusMessage>Thu Jan 26 14:45:04 EST 2017 : ECHO: Transitioning from state [null] to state [NOT_VALIDATED]
        Thu Jan 26 14:45:06 EST 2017 : ECHO: Transitioning from state [NOT_VALIDATED] to state [VALIDATED]
        Thu Jan 26 14:45:06 EST 2017 : ECHO: Transitioning from state [VALIDATED] to state [SUBMITTING]
        Thu Jan 26 14:45:06 EST 2017 : The provider does not support order submission.
        Thu Jan 26 14:45:06 EST 2017 : ECHO: Transitioning from state [SUBMITTING] to state [SUBMIT_FAILED]
        </ns3:StatusMessage></ns3:Item></ns3:ProviderOrders></ns3:Item><ns3:Item><ns3:OwnerGuid>4D4C94EF-3D03-B2D6-8BBE-335C7DD7D61B</ns3:OwnerGuid><ns3:UserDomain>OTHER</ns3:UserDomain><ns3:UserRegion>USA</ns3:UserRegion><ns3:Guid>order_guid_2</ns3:Guid><ns3:State>SUBMITTED_WITH_EXCEPTIONS</ns3:State><ns3:CreationDate>2017-01-26T20:19:29.982Z</ns3:CreationDate><ns3:SubmissionDate>2017-01-26T20:19:32.183Z</ns3:SubmissionDate><ns3:LastUpdateDate>2017-01-26T20:19:32.183Z</ns3:LastUpdateDate><ns3:ShippingAddress><ns3:Guid>48C9FAA0-BFFC-29F6-9484-E23DB3D1E8F0</ns3:Guid><ns3:Role>Order Contact</ns3:Role><ns3:FirstName>User</ns3:FirstName><ns3:LastName>One</ns3:LastName><ns3:Address><ns3:Guid>39AF1E72-DDF0-693A-0809-529402282519</ns3:Guid><ns3:UsFormat>true</ns3:UsFormat><ns3:Country>United States</ns3:Country></ns3:Address><ns3:Phones><ns3:Item><ns3:Guid>D8BFCC33-A546-6E4B-948B-7DF695F40FED</ns3:Guid><ns3:Number>0000000000</ns3:Number><ns3:PhoneNumberType>BUSINESS</ns3:PhoneNumberType></ns3:Item></ns3:Phones><ns3:Email>user1@example.com</ns3:Email></ns3:ShippingAddress><ns3:BillingAddress><ns3:Guid>F508219A-64FC-D4A5-C946-9C67BD7A01A4</ns3:Guid><ns3:Role>Order Contact</ns3:Role><ns3:FirstName>User</ns3:FirstName><ns3:LastName>One</ns3:LastName><ns3:Address><ns3:Guid>5B2A5406-A425-15DA-B0AC-EC926763309A</ns3:Guid><ns3:UsFormat>true</ns3:UsFormat><ns3:Country>United States</ns3:Country></ns3:Address><ns3:Phones><ns3:Item><ns3:Guid>0AC9C85E-3414-1AB7-68B1-0DF0AC8A2F8A</ns3:Guid><ns3:Number>0000000000</ns3:Number><ns3:PhoneNumberType>BUSINESS</ns3:PhoneNumberType></ns3:Item></ns3:Phones><ns3:Email>user1@example.com</ns3:Email></ns3:BillingAddress><ns3:ContactAddress><ns3:Guid>D431E399-1B46-5441-3309-778F09848B1C</ns3:Guid><ns3:Role>Order Contact</ns3:Role><ns3:FirstName>User</ns3:FirstName><ns3:LastName>One</ns3:LastName><ns3:Address><ns3:Guid>239FEAD6-E21B-9E0A-7D5F-9D2D27754CBC</ns3:Guid><ns3:UsFormat>true</ns3:UsFormat><ns3:Country>United States</ns3:Country></ns3:Address><ns3:Phones><ns3:Item><ns3:Guid>2933E4B1-7F8D-7BB4-9193-B2AAC53ABCE7</ns3:Guid><ns3:Number>0000000000</ns3:Number><ns3:PhoneNumberType>BUSINESS</ns3:PhoneNumberType></ns3:Item></ns3:Phones><ns3:Email>user1@example.com</ns3:Email></ns3:ContactAddress><ns3:NotifyLevel>INFO</ns3:NotifyLevel><ns3:ClientIdentity>Mw9_IJ-1U-zSz8uKSrgVlQ</ns3:ClientIdentity><ns3:OrderPrice>0.0</ns3:OrderPrice><ns3:ProviderOrders><ns3:Item><ns3:Guid><ns3:ProviderGuid>248ED694-06AA-7DF0-E269-640DE00B628E</ns3:ProviderGuid><ns3:OrderGuid>order_guid_2</ns3:OrderGuid></ns3:Guid><ns3:State>SUBMIT_FAILED</ns3:State><ns3:StatusMessage>Thu Jan 26 15:19:30 EST 2017 : ECHO: Transitioning from state [null] to state [NOT_VALIDATED]
        Thu Jan 26 15:19:32 EST 2017 : ECHO: Transitioning from state [NOT_VALIDATED] to state [VALIDATED]
        Thu Jan 26 15:19:32 EST 2017 : ECHO: Transitioning from state [VALIDATED] to state [SUBMITTING]
        Thu Jan 26 15:19:32 EST 2017 : The provider does not support order submission.
        Thu Jan 26 15:19:32 EST 2017 : ECHO: Transitioning from state [SUBMITTING] to state [SUBMIT_FAILED]
        </ns3:StatusMessage></ns3:Item></ns3:ProviderOrders></ns3:Item></ns2:result></ns2:GetOrdersResponse></SOAP-ENV:Body></SOAP-ENV:Envelope>
    http_version: 
  recorded_at: Wed, 22 Feb 2017 20:48:44 GMT
- request:
    method: post
    uri: https://cmr.sit.earthdata.nasa.gov/legacy-services/echo-v10/UserServicePortImpl
    body:
      encoding: UTF-8
      string: <?xml version="1.0" encoding="UTF-8"?><SOAP-ENV:Envelope xmlns:SOAP-ENV="http://schemas.xmlsoap.org/soap/envelope/"
        xmlns:xsd="http://www.w3.org/2001/XMLSchema" xmlns:xsi="http://www.w3.org/2001/XMLSchema-instance"><SOAP-ENV:Header/><SOAP-ENV:Body><ns2:GetUserNames
        xmlns:ns2="http://echo.nasa.gov/echo/v10" xmlns:ns3="http://echo.nasa.gov/echo/v10/types"
        xmlns:ns4="http://echo.nasa.gov/ingest/v10"><ns2:token>access_token</ns2:token><ns2:userGuids><ns3:Item>4D4C94EF-3D03-B2D6-8BBE-335C7DD7D61B</ns3:Item></ns2:userGuids></ns2:GetUserNames><to_str/></SOAP-ENV:Body></SOAP-ENV:Envelope>
    headers:
      User-Agent:
      - Faraday v0.8.11
      Content-Type:
      - text/xml
  response:
    status:
      code: 200
      message: 
    headers:
      strict-transport-security:
      - max-age=31536000
      date:
      - Wed, 22 Feb 2017 20:48:45 GMT
      accept:
      - text/xml, text/html, image/gif, image/jpeg, *; q=.2, */*; q=.2
      soapaction:
      - '""'
      content-type:
      - text/xml; charset=UTF-8
      content-length:
      - '471'
      server:
      - Jetty(9.2.z-SNAPSHOT)
      connection:
      - close
    body:
      encoding: UTF-8
      string: <SOAP-ENV:Envelope xmlns:SOAP-ENV="http://schemas.xmlsoap.org/soap/envelope/"><SOAP-ENV:Header/><SOAP-ENV:Body><ns2:GetUserNamesResponse
        xmlns:ns2="http://echo.nasa.gov/echo/v10" xmlns:ns3="http://echo.nasa.gov/echo/v10/types"
        xmlns:ns4="http://echo.nasa.gov/echo/v10/faults"><ns2:result><ns3:Item><ns3:Name>test_user</ns3:Name><ns3:Guid>4D4C94EF-3D03-B2D6-8BBE-335C7DD7D61B</ns3:Guid></ns3:Item></ns2:result></ns2:GetUserNamesResponse></SOAP-ENV:Body></SOAP-ENV:Envelope>
    http_version: 
  recorded_at: Wed, 22 Feb 2017 20:48:45 GMT
- request:
    method: post
    uri: https://cmr.sit.earthdata.nasa.gov/legacy-services/echo-v10/UserServicePortImpl
    body:
      encoding: UTF-8
      string: <?xml version="1.0" encoding="UTF-8"?><SOAP-ENV:Envelope xmlns:SOAP-ENV="http://schemas.xmlsoap.org/soap/envelope/"
        xmlns:xsd="http://www.w3.org/2001/XMLSchema" xmlns:xsi="http://www.w3.org/2001/XMLSchema-instance"><SOAP-ENV:Header/><SOAP-ENV:Body><ns2:GetUserNames
        xmlns:ns2="http://echo.nasa.gov/echo/v10" xmlns:ns3="http://echo.nasa.gov/echo/v10/types"
        xmlns:ns4="http://echo.nasa.gov/ingest/v10"><ns2:token>access_token</ns2:token><ns2:userGuids><ns3:Item>4D4C94EF-3D03-B2D6-8BBE-335C7DD7D61B</ns3:Item></ns2:userGuids></ns2:GetUserNames><to_str/></SOAP-ENV:Body></SOAP-ENV:Envelope>
    headers:
      User-Agent:
      - Faraday v0.8.11
      Content-Type:
      - text/xml
  response:
    status:
      code: 200
      message: 
    headers:
      strict-transport-security:
      - max-age=31536000
      date:
      - Wed, 22 Feb 2017 20:48:45 GMT
      accept:
      - text/xml, text/html, image/gif, image/jpeg, *; q=.2, */*; q=.2
      soapaction:
      - '""'
      content-type:
      - text/xml; charset=UTF-8
      content-length:
      - '471'
      server:
      - Jetty(9.2.z-SNAPSHOT)
      connection:
      - close
    body:
      encoding: UTF-8
      string: <SOAP-ENV:Envelope xmlns:SOAP-ENV="http://schemas.xmlsoap.org/soap/envelope/"><SOAP-ENV:Header/><SOAP-ENV:Body><ns2:GetUserNamesResponse
        xmlns:ns2="http://echo.nasa.gov/echo/v10" xmlns:ns3="http://echo.nasa.gov/echo/v10/types"
        xmlns:ns4="http://echo.nasa.gov/echo/v10/faults"><ns2:result><ns3:Item><ns3:Name>test_user</ns3:Name><ns3:Guid>4D4C94EF-3D03-B2D6-8BBE-335C7DD7D61B</ns3:Guid></ns3:Item></ns2:result></ns2:GetUserNamesResponse></SOAP-ENV:Body></SOAP-ENV:Envelope>
    http_version: 
  recorded_at: Wed, 22 Feb 2017 20:48:45 GMT
recorded_with: VCR 3.0.1
